TWO-LAYER CROP DISEASE LABEL QUALITY REPORT
======================================================================
Loading crop-disease data...
Found 544 crops, 2163 unique disease labels.

Resuming: 519 crops already completed — skipping.

[1/544] Abortive Entoloma — skipped (saved)
[2/544] Acacia — skipped (saved)
[3/544] Agapanthus — skipped (saved)
[4/544] Alder — skipped (saved)
[5/544] Alderleaf Buckthorn — skipped (saved)
[6/544] Alfalfa — skipped (saved)
[7/544] Almond — skipped (saved)
[8/544] Alpinia — skipped (saved)
[9/544] Alumroot — skipped (saved)
[10/544] Amaryllis — skipped (saved)
[11/544] American Basswood — skipped (saved)
[12/544] American Bittersweet — skipped (saved)
[13/544] American Boxwood — skipped (saved)
[14/544] American Chestnut — skipped (saved)
[15/544] American Holly — skipped (saved)
[16/544] American Pistachio — skipped (saved)
[17/544] American Sycamore — skipped (saved)
[18/544] Anemone — skipped (saved)
[19/544] Apple — skipped (saved)
[20/544] Apple Scab — skipped (saved)
[21/544] Apple-Of-Peru — skipped (saved)
[22/544] Apricot — skipped (saved)
[23/544] Aralia — skipped (saved)
[24/544] Arborvitae — skipped (saved)
[25/544] Arkwright S Campion — skipped (saved)
[26/544] Armeria — skipped (saved)
[27/544] Armoracia — skipped (saved)
[28/544] Artichoke — skipped (saved)
[29/544] Artist S Conk — skipped (saved)
[30/544] Ash — skipped (saved)
[31/544] Asian Bayberry — skipped (saved)
[32/544] Asparagus — skipped (saved)
[33/544] Aspenpoplar — skipped (saved)
[34/544] Aster — skipped (saved)
[35/544] Astilbe — skipped (saved)
[36/544] Avocado — skipped (saved)
[37/544] Bacopa — skipped (saved)
[38/544] Bakanae Of Rice — skipped (saved)
[39/544] Balloon-Flower — skipped (saved)
[40/544] Bamboo — skipped (saved)
[41/544] Banana — skipped (saved)
[42/544] Barley — skipped (saved)
[43/544] Basil — skipped (saved)
[44/544] Bastard Toadflax — skipped (saved)
[45/544] Bean — skipped (saved)
[46/544] Beardtongue — skipped (saved)
[47/544] Beeblossom — skipped (saved)
[48/544] Beech — skipped (saved)
[49/544] Beet — skipped (saved)
[50/544] Begonia — skipped (saved)
[51/544] Bell Pepper — skipped (saved)
[52/544] Bellflower — skipped (saved)
[53/544] Benincasa — skipped (saved)

######################################################################
# [54/544]  Berkeleyomyces Basicola
# LAYER 1 — Crop Validation
######################################################################

──────────────────────────────────────────────────────────────────────
[54/544]  CROP: Berkeleyomyces Basicola
──────────────────────────────────────────────────────────────────────
  Node A (real plant?)     : ?
  Node B (cultivated crop?): ?
  Node C (name correct?)   : ?
  Verdict   : ERROR
  Category  : 

  → Skipping disease check (crop verdict: ERROR)
[55/544] Berry — skipped (saved)
[56/544] Birch — skipped (saved)
[57/544] Birch Bolete — skipped (saved)
[58/544] Birch Conk — skipped (saved)
[59/544] Bird-Of-Paradise — skipped (saved)
[60/544] Black Baneberry — skipped (saved)
[61/544] Black Cohosh — skipped (saved)
[62/544] Black Knot — skipped (saved)
[63/544] Black Locust — skipped (saved)
[64/544] Black Morel — skipped (saved)
[65/544] Blackberry — skipped (saved)
[66/544] Blackberry Lily — skipped (saved)
[67/544] Blackberry Raspberry — skipped (saved)
[68/544] Blackgum — skipped (saved)
[69/544] Bleeding Heart — skipped (saved)
[70/544] Bloodflower Milkweed — skipped (saved)
[71/544] Blueberry — skipped (saved)
[72/544] Bluestar — skipped (saved)
[73/544] Blushing Amanita — skipped (saved)
[74/544] Boston Swordfern — skipped (saved)
[75/544] Bottlebrush — skipped (saved)
[76/544] Bouncingbet — skipped (saved)
[77/544] Boxwood — skipped (saved)
[78/544] Brazilian Gloxinia — skipped (saved)
[79/544] Brazilian Jasmine — skipped (saved)
[80/544] Bride S Feathers — skipped (saved)
[81/544] Britton S Wild Petunia — skipped (saved)
[82/544] Broadleaf Wild Leek — skipped (saved)
[83/544] Broccoli — skipped (saved)
[84/544] Bromelia — skipped (saved)
[85/544] Brown Waterscorpion — skipped (saved)

######################################################################
# [86/544]  Brown Witch S Butter
# LAYER 1 — Crop Validation
######################################################################

──────────────────────────────────────────────────────────────────────
[86/544]  CROP: Brown Witch S Butter
──────────────────────────────────────────────────────────────────────
  Node A (real plant?)     : ?
  Node B (cultivated crop?): ?
  Node C (name correct?)   : ?
  Verdict   : ERROR
  Category  : 

  → Skipping disease check (crop verdict: ERROR)
[87/544] Brugmansia — skipped (saved)
[88/544] Brush Cherry — skipped (saved)
[89/544] Bt — skipped (saved)
[90/544] Buckeye — skipped (saved)
[91/544] Buckthorn — skipped (saved)
[92/544] Buddha S Hand — skipped (saved)
[93/544] Bush Honeysuckles  Exotic — skipped (saved)
[94/544] Buttonbush — skipped (saved)
[95/544] Cabbage — skipped (saved)
[96/544] Cabbage Kale — skipped (saved)
[97/544] Cacti  Family Cactaceae — skipped (saved)
[98/544] Calibrachoa — skipped (saved)
[99/544] California Laurel — skipped (saved)
[100/544] California Wild Hollyhock — skipped (saved)

######################################################################
# [101/544]  Calonectria Cylindrospora Crous  Alfenas   M J  Wingf
# LAYER 1 — Crop Validation
######################################################################

──────────────────────────────────────────────────────────────────────
[101/544]  CROP: Calonectria Cylindrospora Crous  Alfenas   M J  Wingf
──────────────────────────────────────────────────────────────────────
  Node A (real plant?)     : ?
  Node B (cultivated crop?): ?
  Node C (name correct?)   : ?
  Verdict   : ERROR
  Category  : 

  → Skipping disease check (crop verdict: ERROR)
[102/544] Camellia — skipped (saved)
[103/544] Camphortree — skipped (saved)
[104/544] Canada Thistle — skipped (saved)
[105/544] Candle Larkspur — skipped (saved)
[106/544] Canna — skipped (saved)
[107/544] Cape Primrose — skipped (saved)
[108/544] Carbon Balls — skipped (saved)
[109/544] Cardinalflower — skipped (saved)
[110/544] Carnation — skipped (saved)
[111/544] Carpenter Ants — skipped (saved)
[112/544] Carrot — skipped (saved)
[113/544] Cashew — skipped (saved)
[114/544] Cassava — skipped (saved)
[115/544] Cauliflower — skipped (saved)
[116/544] Cedar — skipped (saved)
[117/544] Celandine Poppy — skipped (saved)
[118/544] Celery — skipped (saved)
[119/544] Celosia — skipped (saved)
[120/544] Ceylon Bowstring-Hemp — skipped (saved)
[121/544] Chanterelle — skipped (saved)
[122/544] Cherry — skipped (saved)
[123/544] Chestnut Bolete — skipped (saved)
[124/544] Chickpea — skipped (saved)
[125/544] Chinese Lantern — skipped (saved)
[126/544] Cinnamon — skipped (saved)
[127/544] Cinquefoil — skipped (saved)
[128/544] Citrus — skipped (saved)
[129/544] Citrus Greening — skipped (saved)
[130/544] Clematis — skipped (saved)

######################################################################
# [131/544]  Clonostachys Rosea F  Rosea
# LAYER 1 — Crop Validation
######################################################################

──────────────────────────────────────────────────────────────────────
[131/544]  CROP: Clonostachys Rosea F  Rosea
──────────────────────────────────────────────────────────────────────
  Node A (real plant?)     : ?
  Node B (cultivated crop?): ?
  Node C (name correct?)   : ?
  Verdict   : ERROR
  Category  : 

  → Skipping disease check (crop verdict: ERROR)
[132/544] Cocklebur — skipped (saved)
[133/544] Coco Yam  Wild Taro — skipped (saved)
[134/544] Coconut — skipped (saved)
[135/544] Coffee — skipped (saved)
[136/544] Coleus — skipped (saved)
[137/544] Columbine — skipped (saved)
[138/544] Column Stinkhorn — skipped (saved)
[139/544] Common Coleus — skipped (saved)
[140/544] Common Elderberry — skipped (saved)
[141/544] Common Filbert — skipped (saved)
[142/544] Common Hackberry — skipped (saved)
[143/544] Common Hop — skipped (saved)
[144/544] Common Horse Chestnut — skipped (saved)
[145/544] Common Ninebark — skipped (saved)
[146/544] Common Periwinkle — skipped (saved)
[147/544] Common Pokeweed — skipped (saved)
[148/544] Common Puffball — skipped (saved)
[149/544] Common Purslane — skipped (saved)
[150/544] Common Zinnia — skipped (saved)
[151/544] Conecaps — skipped (saved)
[152/544] Coneflower — skipped (saved)
[153/544] Cordyline — skipped (saved)
[154/544] Corn — skipped (saved)
[155/544] Cosmos — skipped (saved)
[156/544] Costus — skipped (saved)
[157/544] Cotoneaster — skipped (saved)
[158/544] Cotton — skipped (saved)
[159/544] Creeping Yellow Loosestrife  Creeping Jenny — skipped (saved)
[160/544] Crested Coral — skipped (saved)
[161/544] Crown-Tipped Coral — skipped (saved)

######################################################################
# [162/544]  Crystal Violet Pectin  Cvp
# LAYER 1 — Crop Validation
######################################################################

──────────────────────────────────────────────────────────────────────
[162/544]  CROP: Crystal Violet Pectin  Cvp
──────────────────────────────────────────────────────────────────────
  Node A (real plant?)     : ?
  Node B (cultivated crop?): ?
  Node C (name correct?)   : ?
  Verdict   : ERROR
  Category  : 

  → Skipping disease check (crop verdict: ERROR)
[163/544] Cucumber — skipped (saved)
[164/544] Curly Dock — skipped (saved)
[165/544] Currant — skipped (saved)
[166/544] Cyamopsis — skipped (saved)
[167/544] Cyclamen — skipped (saved)
[168/544] Cydonia — skipped (saved)
[169/544] Dahlia — skipped (saved)
[170/544] Daisy — skipped (saved)
[171/544] Daphne — skipped (saved)
[172/544] Daphniphyllum — skipped (saved)
[173/544] Dead Man S Hand — skipped (saved)
[174/544] Deadnettle — skipped (saved)
[175/544] Deadwood And Snags — skipped (saved)
[176/544] Delicious Milk Cap — skipped (saved)
[177/544] Devilwood — skipped (saved)

######################################################################
# [178/544]  Diaporthe Juniperivora Sacc
# LAYER 1 — Crop Validation
######################################################################

──────────────────────────────────────────────────────────────────────
[178/544]  CROP: Diaporthe Juniperivora Sacc
──────────────────────────────────────────────────────────────────────
  Node A (real plant?)     : ?
  Node B (cultivated crop?): ?
  Node C (name correct?)   : ?
  Verdict   : ERROR
  Category  : 

  → Skipping disease check (crop verdict: ERROR)
[179/544] Dieffenbachia — skipped (saved)
[180/544] Dill — skipped (saved)

######################################################################
# [181/544]  Diplodia Sapinea De Not
# LAYER 1 — Crop Validation
######################################################################

──────────────────────────────────────────────────────────────────────
[181/544]  CROP: Diplodia Sapinea De Not
──────────────────────────────────────────────────────────────────────
  Node A (real plant?)     : ?
  Node B (cultivated crop?): ?
  Node C (name correct?)   : ?
  Verdict   : ERROR
  Category  : 

  → Skipping disease check (crop verdict: ERROR)
[182/544] Dog Stinkhorn — skipped (saved)
[183/544] Doghobble — skipped (saved)
[184/544] Dogwood — skipped (saved)
[185/544] Double Impatiens — skipped (saved)
[186/544] Dracaena — skipped (saved)
[187/544] Dryad S Saddle — skipped (saved)
[188/544] Durian — skipped (saved)
[189/544] Earth Tongue — skipped (saved)
[190/544] Earthstar — skipped (saved)
[191/544] Eastern Hemlock — skipped (saved)
[192/544] Eastern Redbud — skipped (saved)
[193/544] Eastern Sweetshrub — skipped (saved)

######################################################################
# [194/544]  Eballistra Oryzae
# LAYER 1 — Crop Validation
######################################################################

──────────────────────────────────────────────────────────────────────
[194/544]  CROP: Eballistra Oryzae
──────────────────────────────────────────────────────────────────────
  Node A (real plant?)     : ?
  Node B (cultivated crop?): ?
  Node C (name correct?)   : ?
  Verdict   : ERROR
  Category  : 

  → Skipping disease check (crop verdict: ERROR)
[195/544] Ectomycorrhizae  General — skipped (saved)
[196/544] Edible Fig — skipped (saved)
[197/544] Eggplant — skipped (saved)
[198/544] Elephant-Ear — skipped (saved)
[199/544] Elm — skipped (saved)
[200/544] English Ivy — skipped (saved)
[201/544] Eucalyptus — skipped (saved)
[202/544] European Foulbrood — skipped (saved)
[203/544] European Fruit Lecanium — skipped (saved)
[204/544] Fairy Fan — skipped (saved)
[205/544] Fairy Rings — skipped (saved)
[206/544] False Coral — skipped (saved)
[207/544] False Goat S Beard — skipped (saved)
[208/544] False Morel — skipped (saved)
[209/544] False Spiraea — skipped (saved)
[210/544] False Tinder Polypore — skipped (saved)
[211/544] Figbanyan — skipped (saved)
[212/544] Fir — skipped (saved)
[213/544] Firethorn — skipped (saved)
[214/544] Fischer Monkshood — skipped (saved)
[215/544] Flaky Waxy Cap — skipped (saved)
[216/544] Flesh Flies — skipped (saved)
[217/544] Florist S Spiraea — skipped (saved)
[218/544] Fluted Black Elfin Saddle — skipped (saved)
[219/544] Foamflower — skipped (saved)
[220/544] Forsythia — skipped (saved)
[221/544] Fox Grape — skipped (saved)
[222/544] Freesia — skipped (saved)
[223/544] Frenching — skipped (saved)
[224/544] Garden Rhubarb — skipped (saved)
[225/544] Gardenia — skipped (saved)
[226/544] Garlic — skipped (saved)
[227/544] Gentian — skipped (saved)
