Dataset: Sugarcane
Classes: 17
KB entries: 17
Max ref per part: 3
Max test per class: 5
Max inspect per class: 15
Seed: 42
Parallel: 12

  Banded_Chlorosis: inspecting 15 images, KB=yes
  Brown_Rust: inspecting 15 images, KB=yes
  Brown_Spot: inspecting 15 images, KB=yes
    Brown_Spot/leaf: 3/3 reached
  Common_Rust: inspecting 15 images, KB=yes
    Common_Rust/leaf: 3/3 reached
    Common_Rust/test: 5/5 reached
  WARNING: Dried_Leaves has no KB entry
  Dried_Leaves: inspecting 15 images, KB=yes
    Dried_Leaves/leaf: 3/3 reached
    Dried_Leaves/test: 5/5 reached
  Eye_Spot: inspecting 15 images, KB=yes
  Grassy_Shoot: inspecting 15 images, KB=yes
    Grassy_Shoot/whole_plant: 3/3 reached
    Grassy_Shoot/test: 5/5 reached
  WARNING: Leaf_Mosaic_Virus has no KB entry
  Leaf_Mosaic_Virus: inspecting 15 images, KB=yes
  Leaf_Scald: inspecting 15 images, KB=yes
    Leaf_Scald/leaf: 3/3 reached
  Pokkah_Boeng: inspecting 15 images, KB=yes
    Pokkah_Boeng/stem: 3/3 reached
  WARNING: Red_Spot has no KB entry
  Red_Spot: inspecting 15 images, KB=yes
    Red_Spot/leaf: 3/3 reached
    Red_Spot/test: 5/5 reached
  Sett_Rot: inspecting 15 images, KB=yes
    Sett_Rot/stem: 3/3 reached
  Smut: inspecting 15 images, KB=yes
  WARNING: Streak_Mosaic_Scsmv has no KB entry
  Streak_Mosaic_Scsmv: inspecting 15 images, KB=yes
    Streak_Mosaic_Scsmv/leaf: 3/3 reached
    Streak_Mosaic_Scsmv/test: 5/5 reached
  WARNING: Sugarcane_Mosaic_Virus has no KB entry
  Sugarcane_Mosaic_Virus: inspecting 15 images, KB=yes
    Sugarcane_Mosaic_Virus/leaf: 3/3 reached
    Sugarcane_Mosaic_Virus/test: 5/5 reached
  Yellow_Leaf: inspecting 15 images, KB=yes
    Yellow_Leaf/leaf: 3/3 reached
    Yellow_Leaf/test: 5/5 reached
  Yellow_Spot: inspecting 15 images, KB=yes
    Yellow_Spot/leaf: 3/3 reached
    Yellow_Spot/test: 5/5 reached

============================================================
Inspected: 255
Reference: 51
Test:      54
Rejected:  101
Skipped:   36 (quota full)
Errors:    13

Errors:
  Banded_Chlorosis/LeafNet_10.jpg: Error code: 500 - {'type': 'error', 'error': {'type': 'api_error', 'message': 'Internal server error
  Banded_Chlorosis/LeafNet_15.jpg: Error code: 500 - {'type': 'error', 'error': {'type': 'api_error', 'message': 'Internal server error
  Brown_Rust/LeafNet_161.jpg: Error code: 500 - {'type': 'error', 'error': {'type': 'api_error', 'message': 'Internal server error
  Dried_Leaves/LeafNet_165.jpg: Error code: 500 - {'type': 'error', 'error': {'type': 'api_error', 'message': 'Internal server error
  Dried_Leaves/LeafNet_15.jpg: Error code: 500 - {'type': 'error', 'error': {'type': 'api_error', 'message': 'Internal server error
  Eye_Spot/SugarLeaf_ID_181.jpg: Error code: 500 - {'type': 'error', 'error': {'type': 'api_error', 'message': 'Internal server error
  Grassy_Shoot/LeafNet_164.jpg: Error code: 500 - {'type': 'error', 'error': {'type': 'api_error', 'message': 'Internal server error
  Leaf_Mosaic_Virus/LeafNet_112.jpg: Error code: 500 - {'type': 'error', 'error': {'type': 'api_error', 'message': 'Internal server error
  Pokkah_Boeng/LeafNet_137.jpg: Error code: 500 - {'type': 'error', 'error': {'type': 'api_error', 'message': 'Internal server error
  Red_Spot/SugarLeaf_ID_164.jpg: Error code: 500 - {'type': 'error', 'error': {'type': 'api_error', 'message': 'Internal server error
  Smut/LeafNet_144.jpg: Error code: 500 - {'type': 'error', 'error': {'type': 'api_error', 'message': 'Internal server error
  Smut/LeafNet_164.jpg: Error code: 500 - {'type': 'error', 'error': {'type': 'api_error', 'message': 'Internal server error
  Streak_Mosaic_Scsmv/SugarLeaf_ID_164.jpg: Error code: 500 - {'type': 'error', 'error': {'type': 'api_error', 'message': 'Internal server error

Below ref quota (3):
  Banded_Chlorosis/leaf: 2/3
  Dried_Leaves/stem: 1/3
  Eye_Spot/leaf: 2/3
  Leaf_Mosaic_Virus/leaf: 1/3
  Pokkah_Boeng/leaf: 2/3
  Pokkah_Boeng/whole_plant: 2/3
  Sett_Rot/whole_plant: 1/3
  Smut/whole_plant: 2/3
  Yellow_Leaf/stem: 1/3
  Yellow_Leaf/whole_plant: 1/3

Below test quota (5):
  Banded_Chlorosis: 0/5
  Brown_Rust: 0/5
  Brown_Spot: 4/5
  Eye_Spot: 0/5
  Leaf_Mosaic_Virus: 0/5
  Leaf_Scald: 4/5
  Pokkah_Boeng: 4/5
  Sett_Rot: 2/5
  Smut: 0/5

Classes with zero matched images: ['Brown_Rust']
Tags log saved: Prepared_Dataset/Sugarcane/tags.csv

Metadata saved: Prepared_Dataset/Sugarcane/metadata.json
