Dataset: Banana
Classes: 16
KB entries: 16
Max ref per part: 3
Max test per class: 5
Max inspect per class: 15
Seed: 42
Parallel: 12

  Anthracnose: inspecting 15 images, KB=yes
    Anthracnose/pod: 3/3 reached
    Anthracnose/test: 5/5 reached
  Banana_Bunchy_Top_Virus: inspecting 9 images, KB=yes
    Banana_Bunchy_Top_Virus/whole_plant: 3/3 reached
    Banana_Bunchy_Top_Virus/leaf: 3/3 reached
  WARNING: Bitter_Rot_And_Anthracnose has no KB entry
  Bitter_Rot_And_Anthracnose: inspecting 4 images, KB=yes
  WARNING: Bunchy_Top has no KB entry
  Bunchy_Top: inspecting 15 images, KB=yes
    Bunchy_Top/whole_plant: 3/3 reached
    Bunchy_Top/test: 5/5 reached
  Cigar_End_Rot: inspecting 15 images, KB=yes
    Cigar_End_Rot/pod: 3/3 reached
    Cigar_End_Rot/test: 5/5 reached
  Cordana_Leaf_Spot: inspecting 15 images, KB=yes
    Cordana_Leaf_Spot/leaf: 3/3 reached
    Cordana_Leaf_Spot/test: 5/5 reached
  Panama_Disease: inspecting 15 images, KB=yes
    Panama_Disease/leaf: 3/3 reached
    Panama_Disease/test: 5/5 reached
  Pestalotiopsis_Leaf_Spot: inspecting 1 images, KB=yes
  Phaeoseptoria_Leaf_Spot: inspecting 2 images, KB=yes
  WARNING: Phoma_Blight has no KB entry
  Phoma_Blight: inspecting 1 images, KB=yes
  WARNING: Phyllosticta_Leaf_Spot has no KB entry
  Phyllosticta_Leaf_Spot: inspecting 1 images, KB=yes
  Phyllosticta_Maculata: inspecting 1 images, KB=yes
  WARNING: Pseudocercospora_Leaf_Spot has no KB entry
  Pseudocercospora_Leaf_Spot: inspecting 1 images, KB=yes
  Pseudocercospora_Musae: inspecting 1 images, KB=yes
  WARNING: Rust has no KB entry
  Rust: inspecting 2 images, KB=yes
  Yellow_And_Black_Sigatoka: inspecting 15 images, KB=yes
    Yellow_And_Black_Sigatoka/leaf: 3/3 reached
    Yellow_And_Black_Sigatoka/test: 5/5 reached

============================================================
Inspected: 113
Reference: 43
Test:      31
Rejected:  18
Skipped:   21 (quota full)
Errors:    0

Below ref quota (3):
  Anthracnose/seed: 2/3
  Bitter_Rot_And_Anthracnose/leaf: 2/3
  Bitter_Rot_And_Anthracnose/stem: 2/3
  Bunchy_Top/leaf: 1/3
  Cigar_End_Rot/seed: 2/3
  Cigar_End_Rot/stem: 1/3
  Panama_Disease/whole_plant: 1/3
  Phaeoseptoria_Leaf_Spot/stem: 2/3
  Phoma_Blight/leaf: 1/3
  Phyllosticta_Leaf_Spot/leaf: 1/3
  Pseudocercospora_Leaf_Spot/leaf: 1/3
  Pseudocercospora_Musae/leaf: 1/3
  Rust/leaf: 2/3

Below test quota (5):
  Banana_Bunchy_Top_Virus: 1/5
  Bitter_Rot_And_Anthracnose: 0/5
  Pestalotiopsis_Leaf_Spot: 0/5
  Phaeoseptoria_Leaf_Spot: 0/5
  Phoma_Blight: 0/5
  Phyllosticta_Leaf_Spot: 0/5
  Phyllosticta_Maculata: 0/5
  Pseudocercospora_Leaf_Spot: 0/5
  Pseudocercospora_Musae: 0/5
  Rust: 0/5

Classes with zero matched images: ['Pestalotiopsis_Leaf_Spot', 'Phyllosticta_Maculata']
Tags log saved: Prepared_Dataset/Banana/tags.csv

Metadata saved: Prepared_Dataset/Banana/metadata.json
