Dataset: Orange
Classes: 7
KB entries: 7
Max ref per part: 3
Max test per class: 5
Max inspect per class: 15
Seed: 42
Parallel: 12

  Blue_Mold: inspecting 1 images, KB=yes
  Citrus_Blight_Disease: inspecting 1 images, KB=yes
  Green_Mold: inspecting 3 images, KB=yes
    Green_Mold/seed: 3/3 reached
  Huanglongbing: inspecting 15 images, KB=yes
    Huanglongbing/leaf: 3/3 reached
    Huanglongbing/test: 5/5 reached
  WARNING: Penicillium_Fungi has no KB entry
  Penicillium_Fungi: inspecting 2 images, KB=yes
  WARNING: Penicillium_Fungus has no KB entry
  Penicillium_Fungus: inspecting 2 images, KB=yes
  Whisker_Mold: inspecting 15 images, KB=yes
    Whisker_Mold/seed: 3/3 reached
    Whisker_Mold/stem: 3/3 reached
    Whisker_Mold/test: 5/5 reached

============================================================
Inspected: 39
Reference: 14
Test:      10
Rejected:  13
Skipped:   2 (quota full)
Errors:    0

Below ref quota (3):
  Penicillium_Fungi/seed: 2/3

Below test quota (5):
  Blue_Mold: 0/5
  Citrus_Blight_Disease: 0/5
  Green_Mold: 0/5
  Penicillium_Fungi: 0/5
  Penicillium_Fungus: 0/5

Classes with zero matched images: ['Blue_Mold', 'Citrus_Blight_Disease', 'Penicillium_Fungus']
Tags log saved: Prepared_Dataset/Orange/tags.csv

Metadata saved: Prepared_Dataset/Orange/metadata.json
