Dataset: Sugarcane_Diseases
Classes: 12
KB entries: 17
Max ref per part: 5
Max test per class: 3
Max inspect per class: 20
Seed: 42
Parallel: 20

  Brown_Rust: inspecting 19 images, KB=yes
  Brown_Spot: inspecting 20 images, KB=yes
    Brown_Spot/leaf: 5/5 reached
  Eye_Spot: inspecting 0 images, KB=yes
  Grassy_Shoot: inspecting 20 images, KB=yes
    Grassy_Shoot/whole_plant: 5/5 reached
    Grassy_Shoot/test: 3/3 reached
  Leaf_Scald: inspecting 0 images, KB=yes
  Pokkah_Boeng: inspecting 20 images, KB=yes
    Pokkah_Boeng/stem: 5/5 reached
    Pokkah_Boeng/leaf: 5/5 reached
    Pokkah_Boeng/test: 3/3 reached
  Sett_Rot: inspecting 20 images, KB=yes
    Sett_Rot/stem: 5/5 reached
  Smut: inspecting 20 images, KB=yes
  WARNING: Streak_Mosaic_Scsmv has no KB entry
  Streak_Mosaic_Scsmv: inspecting 0 images, KB=yes
  WARNING: Sugarcane_Mosaic_Virus has no KB entry
  Sugarcane_Mosaic_Virus: inspecting 0 images, KB=yes
  Yellow_Leaf: inspecting 20 images, KB=yes
    Yellow_Leaf/leaf: 5/5 reached
    Yellow_Leaf/test: 3/3 reached
  Yellow_Spot: inspecting 0 images, KB=yes

============================================================
Inspected: 139
Reference: 40
Test:      11
Rejected:  68
Skipped:   20 (quota full)
Errors:    0

Below ref quota (5):
  Brown_Spot/stem: 1/5
  Pokkah_Boeng/whole_plant: 3/5
  Sett_Rot/whole_plant: 2/5
  Smut/stem: 1/5
  Yellow_Leaf/stem: 2/5
  Yellow_Leaf/whole_plant: 1/5

Below test quota (3):
  Brown_Rust: 0/3
  Brown_Spot: 2/3
  Eye_Spot: 0/3
  Leaf_Scald: 0/3
  Sett_Rot: 0/3
  Smut: 0/3
  Streak_Mosaic_Scsmv: 0/3
  Sugarcane_Mosaic_Virus: 0/3
  Yellow_Spot: 0/3

Classes with zero matched images: ['Brown_Rust', 'Eye_Spot', 'Leaf_Scald', 'Streak_Mosaic_Scsmv', 'Sugarcane_Mosaic_Virus', 'Yellow_Spot']
Tags log saved: Prepared_Dataset/Sugarcane/tags.csv

Metadata saved: Prepared_Dataset/Sugarcane/metadata.json
