Dataset: Sugarcane_Diseases
Classes: 1
KB entries: 17
Max ref per part: 5
Max test per class: 3
Max inspect per class: 20
Seed: 42
Parallel: 20

  Smut: inspecting 20 images, KB=yes

============================================================
Inspected: 20
Reference: 2
Test:      0
Rejected:  18
Skipped:   0 (quota full)
Errors:    0

Below ref quota (5):
  Smut/stem: 1/5
  Smut/whole_plant: 1/5

Below test quota (3):
  Smut: 0/3
Tags log saved: Prepared_Dataset/Sugarcane_smoke/tags.csv

Metadata saved: Prepared_Dataset/Sugarcane_smoke/metadata.json
