Dataset: Cauliflower
Classes: 5
KB entries: 5
Max ref per part: 3
Max test per class: 5
Max inspect per class: 15
Seed: 42
Parallel: 12

  Alternaria_Leaf_Spot: inspecting 15 images, KB=yes
    Alternaria_Leaf_Spot/leaf: 3/3 reached
    Alternaria_Leaf_Spot/whole_plant: 3/3 reached
    Alternaria_Leaf_Spot/test: 5/5 reached
  Bacterial_Soft_Rot: inspecting 15 images, KB=yes
    Bacterial_Soft_Rot/whole_plant: 3/3 reached
    Bacterial_Soft_Rot/test: 5/5 reached
  WARNING: Bacterial_Spot_Rot has no KB entry
  Bacterial_Spot_Rot: inspecting 15 images, KB=yes
    Bacterial_Spot_Rot/whole_plant: 3/3 reached
  Black_Rot: inspecting 15 images, KB=yes
    Black_Rot/leaf: 3/3 reached
  Downy_Mildew: inspecting 15 images, KB=yes
    Downy_Mildew/leaf: 3/3 reached
    Downy_Mildew/test: 5/5 reached

============================================================
Inspected: 75
Reference: 19
Test:      21
Rejected:  25
Skipped:   10 (quota full)
Errors:    0

Below ref quota (3):
  Bacterial_Spot_Rot/stem: 1/3

Below test quota (5):
  Bacterial_Spot_Rot: 4/5
  Black_Rot: 2/5
Tags log saved: Prepared_Dataset/Cauliflower/tags.csv

Metadata saved: Prepared_Dataset/Cauliflower/metadata.json
